// Jest Snapshot v1, https://goo.gl/fbAQLP

exports[`ActionMenuDivider should render with minimal props 1`] = `
<li
  aria-hidden={true}
  className="action-menu-divider"
>
  <div
    className="line"
  />
</li>
`;
