// Jest Snapshot v1, https://goo.gl/fbAQLP

exports[`ApplicationIntlProvider Snapshots should render an ApplicationIntlContext.Provider 1`] = `
<injectIntl(Component)>
  <Component
    intl={
      Object {
        "$t": [Function],
        "defaultFormats": Object {},
        "defaultLocale": "en",
        "defaultRichTextElements": undefined,
        "fallbackOnEmptyString": true,
        "formatDate": [Function],
        "formatDateTimeRange": [Function],
        "formatDateToParts": [Function],
        "formatDisplayName": [Function],
        "formatList": [Function],
        "formatListToParts": [Function],
        "formatMessage": [Function],
        "formatNumber": [Function],
        "formatNumberToParts": [Function],
        "formatPlural": [Function],
        "formatRelativeTime": [Function],
        "formatTime": [Function],
        "formatTimeToParts": [Function],
        "formats": Object {},
        "formatters": Object {
          "getDateTimeFormat": [Function],
          "getDisplayNames": [Function],
          "getListFormat": [Function],
          "getMessageFormat": [Function],
          "getNumberFormat": [Function],
          "getPluralRules": [Function],
          "getRelativeTimeFormat": [Function],
        },
        "locale": "en",
        "messages": null,
        "onError": [Function],
        "onWarn": [Function],
        "textComponent": Symbol(react.fragment),
        "timeZone": undefined,
        "wrapRichTextChunksInFragment": undefined,
      }
    }
  >
    <div>
      Test Component
    </div>
  </Component>
</injectIntl(Component)>
`;
